C51 COMPILER V9.60.7.0   DELAY                                                             03/20/2023 21:02:38 PAGE 1   


C51 COMPILER V9.60.7.0, COMPILATION OF MODULE DELAY
OBJECT MODULE PLACED IN .\Objects\delay.obj
COMPILER INVOKED BY: C:\Keil_v5\C51\BIN\C51.EXE delay.c OPTIMIZE(8,SPEED) BROWSE DEBUG OBJECTEXTEND PRINT(.\Listings\del
                    -ay.lst) TABS(2) OBJECT(.\Objects\delay.obj)

line level    source

   1          #include "delay.h"
   2          
   3          /*------------------------------------------------
   4               us延时函数
   5               输入参数: unsigned char t
   6               无返回值
   7               晶振12M
   8               实际延时时间= t*2 + 5 us 
   9          ------------------------------------------------*/
  10          void DelayUs(unsigned char t)
  11          {   
  12   1       while(--t);
  13   1      }
  14          /*------------------------------------------------
  15                 ms延时函数
  16                含有输入参数 unsigned int t
  17                无返回值
  18                晶振12M
  19          ------------------------------------------------*/
  20          void DelayMs(unsigned int z)
  21          {     
  22   1        unsigned int i,j;
  23   1        for(i=z;i>0;i--)
  24   1            for(j=123;j>0;j--);
  25   1      }


MODULE INFORMATION:   STATIC OVERLAYABLE
   CODE SIZE        =     33    ----
   CONSTANT SIZE    =   ----    ----
   XDATA SIZE       =   ----    ----
   PDATA SIZE       =   ----    ----
   DATA SIZE        =   ----    ----
   IDATA SIZE       =   ----    ----
   BIT SIZE         =   ----    ----
END OF MODULE INFORMATION.


C51 COMPILATION COMPLETE.  0 WARNING(S),  0 ERROR(S)
